
Gurobi 12.0.0 (linux64) logging started Fri Mar 21 14:02:19 2025

